<?xml version="1.0" encoding="UTF-8"?>
<testsuites>
  <testsuite name="/app/phpunit-ci.xml" tests="115" assertions="166" errors="0" failures="0" skipped="0" time="12.714365">
    <testsuite name="Feature" tests="115" assertions="166" errors="0" failures="0" skipped="0" time="12.714365">
      <testsuite name="Tests\Feature\Playground\Site\Blade\Console\Commands\About\CommandTest" file="/app/tests/Feature/Console/Commands/About/CommandTest.php" tests="1" assertions="2" errors="0" failures="0" skipped="0" time="0.491346">
        <testcase name="test_command_about_displays_package_information_and_succeed_with_code_0" file="/app/tests/Feature/Console/Commands/About/CommandTest.php" line="21" class="Tests\Feature\Playground\Site\Blade\Console\Commands\About\CommandTest" classname="Tests.Feature.Playground.Site.Blade.Console.Commands.About.CommandTest" assertions="2" time="0.491346"/>
      </testsuite>
      <testsuite name="Tests\Feature\Playground\Site\Blade\Http\Controllers\Laravel\AboutRouteTest" file="/app/tests/Feature/Http/Controllers/Laravel/AboutRouteTest.php" tests="4" assertions="4" errors="0" failures="0" skipped="0" time="0.504534">
        <testcase name="test_as_guest_and_succeed" file="/app/tests/Feature/Http/Controllers/Laravel/AboutRouteTest.php" line="23" class="Tests\Feature\Playground\Site\Blade\Http\Controllers\Laravel\AboutRouteTest" classname="Tests.Feature.Playground.Site.Blade.Http.Controllers.Laravel.AboutRouteTest" assertions="1" time="0.184905"/>
        <testcase name="test_json_as_guest_and_succeed" file="/app/tests/Feature/Http/Controllers/Laravel/AboutRouteTest.php" line="29" class="Tests\Feature\Playground\Site\Blade\Http\Controllers\Laravel\AboutRouteTest" classname="Tests.Feature.Playground.Site.Blade.Http.Controllers.Laravel.AboutRouteTest" assertions="1" time="0.098220"/>
        <testcase name="test_as_user_and_succeed" file="/app/tests/Feature/Http/Controllers/Laravel/AboutRouteTest.php" line="35" class="Tests\Feature\Playground\Site\Blade\Http\Controllers\Laravel\AboutRouteTest" classname="Tests.Feature.Playground.Site.Blade.Http.Controllers.Laravel.AboutRouteTest" assertions="1" time="0.121826"/>
        <testcase name="test_json_as_user_and_succeed" file="/app/tests/Feature/Http/Controllers/Laravel/AboutRouteTest.php" line="45" class="Tests\Feature\Playground\Site\Blade\Http\Controllers\Laravel\AboutRouteTest" classname="Tests.Feature.Playground.Site.Blade.Http.Controllers.Laravel.AboutRouteTest" assertions="1" time="0.099583"/>
      </testsuite>
      <testsuite name="Tests\Feature\Playground\Site\Blade\Http\Controllers\Laravel\BootstrapRouteTest" file="/app/tests/Feature/Http/Controllers/Laravel/BootstrapRouteTest.php" tests="4" assertions="4" errors="0" failures="0" skipped="0" time="0.436398">
        <testcase name="test_as_guest_and_succeed" file="/app/tests/Feature/Http/Controllers/Laravel/BootstrapRouteTest.php" line="23" class="Tests\Feature\Playground\Site\Blade\Http\Controllers\Laravel\BootstrapRouteTest" classname="Tests.Feature.Playground.Site.Blade.Http.Controllers.Laravel.BootstrapRouteTest" assertions="1" time="0.118914"/>
        <testcase name="test_json_as_guest_and_succeed" file="/app/tests/Feature/Http/Controllers/Laravel/BootstrapRouteTest.php" line="29" class="Tests\Feature\Playground\Site\Blade\Http\Controllers\Laravel\BootstrapRouteTest" classname="Tests.Feature.Playground.Site.Blade.Http.Controllers.Laravel.BootstrapRouteTest" assertions="1" time="0.102383"/>
        <testcase name="test_as_wheel_and_succeed" file="/app/tests/Feature/Http/Controllers/Laravel/BootstrapRouteTest.php" line="35" class="Tests\Feature\Playground\Site\Blade\Http\Controllers\Laravel\BootstrapRouteTest" classname="Tests.Feature.Playground.Site.Blade.Http.Controllers.Laravel.BootstrapRouteTest" assertions="1" time="0.106921"/>
        <testcase name="test_json_as_wheel_and_succeed" file="/app/tests/Feature/Http/Controllers/Laravel/BootstrapRouteTest.php" line="45" class="Tests\Feature\Playground\Site\Blade\Http\Controllers\Laravel\BootstrapRouteTest" classname="Tests.Feature.Playground.Site.Blade.Http.Controllers.Laravel.BootstrapRouteTest" assertions="1" time="0.108181"/>
      </testsuite>
      <testsuite name="Tests\Feature\Playground\Site\Blade\Http\Controllers\Laravel\PublicDashboardRouteTest" file="/app/tests/Feature/Http/Controllers/Laravel/PublicDashboardRouteTest.php" tests="4" assertions="6" errors="0" failures="0" skipped="0" time="0.394437">
        <testcase name="test_as_guest_and_fail_when_disabled_for_guest_and_no_redirect" file="/app/tests/Feature/Http/Controllers/Laravel/PublicDashboardRouteTest.php" line="34" class="Tests\Feature\Playground\Site\Blade\Http\Controllers\Laravel\PublicDashboardRouteTest" classname="Tests.Feature.Playground.Site.Blade.Http.Controllers.Laravel.PublicDashboardRouteTest" assertions="1" time="0.110434"/>
        <testcase name="test_as_guest_and_redirect_when_disabled_for_all" file="/app/tests/Feature/Http/Controllers/Laravel/PublicDashboardRouteTest.php" line="47" class="Tests\Feature\Playground\Site\Blade\Http\Controllers\Laravel\PublicDashboardRouteTest" classname="Tests.Feature.Playground.Site.Blade.Http.Controllers.Laravel.PublicDashboardRouteTest" assertions="2" time="0.094154"/>
        <testcase name="test_as_guest_and_redirect_when_disabled_for_guest" file="/app/tests/Feature/Http/Controllers/Laravel/PublicDashboardRouteTest.php" line="56" class="Tests\Feature\Playground\Site\Blade\Http\Controllers\Laravel\PublicDashboardRouteTest" classname="Tests.Feature.Playground.Site.Blade.Http.Controllers.Laravel.PublicDashboardRouteTest" assertions="2" time="0.094003"/>
        <testcase name="test_as_guest_and_succeed" file="/app/tests/Feature/Http/Controllers/Laravel/PublicDashboardRouteTest.php" line="66" class="Tests\Feature\Playground\Site\Blade\Http\Controllers\Laravel\PublicDashboardRouteTest" classname="Tests.Feature.Playground.Site.Blade.Http.Controllers.Laravel.PublicDashboardRouteTest" assertions="1" time="0.095846"/>
      </testsuite>
      <testsuite name="Tests\Feature\Playground\Site\Blade\Http\Controllers\Laravel\PublicHomeRouteTest" file="/app/tests/Feature/Http/Controllers/Laravel/PublicHomeRouteTest.php" tests="4" assertions="4" errors="0" failures="0" skipped="0" time="0.405641">
        <testcase name="test_as_guest_and_succeed" file="/app/tests/Feature/Http/Controllers/Laravel/PublicHomeRouteTest.php" line="34" class="Tests\Feature\Playground\Site\Blade\Http\Controllers\Laravel\PublicHomeRouteTest" classname="Tests.Feature.Playground.Site.Blade.Http.Controllers.Laravel.PublicHomeRouteTest" assertions="1" time="0.109669"/>
        <testcase name="test_json_as_guest_and_succeed" file="/app/tests/Feature/Http/Controllers/Laravel/PublicHomeRouteTest.php" line="40" class="Tests\Feature\Playground\Site\Blade\Http\Controllers\Laravel\PublicHomeRouteTest" classname="Tests.Feature.Playground.Site.Blade.Http.Controllers.Laravel.PublicHomeRouteTest" assertions="1" time="0.094162"/>
        <testcase name="test_as_admin_and_succeed" file="/app/tests/Feature/Http/Controllers/Laravel/PublicHomeRouteTest.php" line="46" class="Tests\Feature\Playground\Site\Blade\Http\Controllers\Laravel\PublicHomeRouteTest" classname="Tests.Feature.Playground.Site.Blade.Http.Controllers.Laravel.PublicHomeRouteTest" assertions="1" time="0.103265"/>
        <testcase name="test_json_as_admin_and_succeed" file="/app/tests/Feature/Http/Controllers/Laravel/PublicHomeRouteTest.php" line="56" class="Tests\Feature\Playground\Site\Blade\Http\Controllers\Laravel\PublicHomeRouteTest" classname="Tests.Feature.Playground.Site.Blade.Http.Controllers.Laravel.PublicHomeRouteTest" assertions="1" time="0.098545"/>
      </testsuite>
      <testsuite name="Tests\Feature\Playground\Site\Blade\Http\Controllers\Laravel\PublicSitemapRouteTest" file="/app/tests/Feature/Http/Controllers/Laravel/PublicSitemapRouteTest.php" tests="9" assertions="12" errors="0" failures="0" skipped="0" time="0.935376">
        <testcase name="test_as_guest_and_fail_when_disabled_for_guest_and_no_redirect" file="/app/tests/Feature/Http/Controllers/Laravel/PublicSitemapRouteTest.php" line="23" class="Tests\Feature\Playground\Site\Blade\Http\Controllers\Laravel\PublicSitemapRouteTest" classname="Tests.Feature.Playground.Site.Blade.Http.Controllers.Laravel.PublicSitemapRouteTest" assertions="1" time="0.113629"/>
        <testcase name="test_as_guest_and_redirect_when_disabled_for_all" file="/app/tests/Feature/Http/Controllers/Laravel/PublicSitemapRouteTest.php" line="33" class="Tests\Feature\Playground\Site\Blade\Http\Controllers\Laravel\PublicSitemapRouteTest" classname="Tests.Feature.Playground.Site.Blade.Http.Controllers.Laravel.PublicSitemapRouteTest" assertions="2" time="0.094134"/>
        <testcase name="test_as_guest_and_redirect_when_disabled_for_guest" file="/app/tests/Feature/Http/Controllers/Laravel/PublicSitemapRouteTest.php" line="42" class="Tests\Feature\Playground\Site\Blade\Http\Controllers\Laravel\PublicSitemapRouteTest" classname="Tests.Feature.Playground.Site.Blade.Http.Controllers.Laravel.PublicSitemapRouteTest" assertions="2" time="0.096858"/>
        <testcase name="test_as_guest_and_succeed" file="/app/tests/Feature/Http/Controllers/Laravel/PublicSitemapRouteTest.php" line="52" class="Tests\Feature\Playground\Site\Blade\Http\Controllers\Laravel\PublicSitemapRouteTest" classname="Tests.Feature.Playground.Site.Blade.Http.Controllers.Laravel.PublicSitemapRouteTest" assertions="1" time="0.103534"/>
        <testcase name="test_as_user_and_succeed" file="/app/tests/Feature/Http/Controllers/Laravel/PublicSitemapRouteTest.php" line="62" class="Tests\Feature\Playground\Site\Blade\Http\Controllers\Laravel\PublicSitemapRouteTest" classname="Tests.Feature.Playground.Site.Blade.Http.Controllers.Laravel.PublicSitemapRouteTest" assertions="1" time="0.107377"/>
        <testcase name="test_as_support_and_fail_when_disabled_for_all" file="/app/tests/Feature/Http/Controllers/Laravel/PublicSitemapRouteTest.php" line="76" class="Tests\Feature\Playground\Site\Blade\Http\Controllers\Laravel\PublicSitemapRouteTest" classname="Tests.Feature.Playground.Site.Blade.Http.Controllers.Laravel.PublicSitemapRouteTest" assertions="2" time="0.104765"/>
        <testcase name="test_as_user_and_fail_when_disabled_for_all_and_no_redirect" file="/app/tests/Feature/Http/Controllers/Laravel/PublicSitemapRouteTest.php" line="89" class="Tests\Feature\Playground\Site\Blade\Http\Controllers\Laravel\PublicSitemapRouteTest" classname="Tests.Feature.Playground.Site.Blade.Http.Controllers.Laravel.PublicSitemapRouteTest" assertions="1" time="0.101380"/>
        <testcase name="test_as_admin_and_succeed" file="/app/tests/Feature/Http/Controllers/Laravel/PublicSitemapRouteTest.php" line="102" class="Tests\Feature\Playground\Site\Blade\Http\Controllers\Laravel\PublicSitemapRouteTest" classname="Tests.Feature.Playground.Site.Blade.Http.Controllers.Laravel.PublicSitemapRouteTest" assertions="1" time="0.106342"/>
        <testcase name="test_as_user_and_succeed_with_package_sitemaps" file="/app/tests/Feature/Http/Controllers/Laravel/PublicSitemapRouteTest.php" line="115" class="Tests\Feature\Playground\Site\Blade\Http\Controllers\Laravel\PublicSitemapRouteTest" classname="Tests.Feature.Playground.Site.Blade.Http.Controllers.Laravel.PublicSitemapRouteTest" assertions="1" time="0.107357"/>
      </testsuite>
      <testsuite name="Tests\Feature\Playground\Site\Blade\Http\Controllers\Laravel\ThemeRouteTest" file="/app/tests/Feature/Http/Controllers/Laravel/ThemeRouteTest.php" tests="4" assertions="7" errors="0" failures="0" skipped="0" time="0.394661">
        <testcase name="test_as_guest_and_succeed" file="/app/tests/Feature/Http/Controllers/Laravel/ThemeRouteTest.php" line="23" class="Tests\Feature\Playground\Site\Blade\Http\Controllers\Laravel\ThemeRouteTest" classname="Tests.Feature.Playground.Site.Blade.Http.Controllers.Laravel.ThemeRouteTest" assertions="2" time="0.093745"/>
        <testcase name="test_as_guest_with_preview_and_succeed" file="/app/tests/Feature/Http/Controllers/Laravel/ThemeRouteTest.php" line="29" class="Tests\Feature\Playground\Site\Blade\Http\Controllers\Laravel\ThemeRouteTest" classname="Tests.Feature.Playground.Site.Blade.Http.Controllers.Laravel.ThemeRouteTest" assertions="1" time="0.099832"/>
        <testcase name="test_as_user_and_succeed" file="/app/tests/Feature/Http/Controllers/Laravel/ThemeRouteTest.php" line="35" class="Tests\Feature\Playground\Site\Blade\Http\Controllers\Laravel\ThemeRouteTest" classname="Tests.Feature.Playground.Site.Blade.Http.Controllers.Laravel.ThemeRouteTest" assertions="2" time="0.099897"/>
        <testcase name="test_as_admin_and_succeed_with_theme_and_redirect" file="/app/tests/Feature/Http/Controllers/Laravel/ThemeRouteTest.php" line="47" class="Tests\Feature\Playground\Site\Blade\Http\Controllers\Laravel\ThemeRouteTest" classname="Tests.Feature.Playground.Site.Blade.Http.Controllers.Laravel.ThemeRouteTest" assertions="2" time="0.101187"/>
      </testsuite>
      <testsuite name="Tests\Feature\Playground\Site\Blade\Http\Controllers\Laravel\UserDashboardRouteTest" file="/app/tests/Feature/Http/Controllers/Laravel/UserDashboardRouteTest.php" tests="8" assertions="16" errors="0" failures="0" skipped="0" time="0.784939">
        <testcase name="test_as_guest_and_fail_when_disabled_for_guest_and_no_redirect_with_auth_middleware" file="/app/tests/Feature/Http/Controllers/Laravel/UserDashboardRouteTest.php" line="22" class="Tests\Feature\Playground\Site\Blade\Http\Controllers\Laravel\UserDashboardRouteTest" classname="Tests.Feature.Playground.Site.Blade.Http.Controllers.Laravel.UserDashboardRouteTest" assertions="3" time="0.093881"/>
        <testcase name="test_as_guest_and_redirect" file="/app/tests/Feature/Http/Controllers/Laravel/UserDashboardRouteTest.php" line="35" class="Tests\Feature\Playground\Site\Blade\Http\Controllers\Laravel\UserDashboardRouteTest" classname="Tests.Feature.Playground.Site.Blade.Http.Controllers.Laravel.UserDashboardRouteTest" assertions="3" time="0.097569"/>
        <testcase name="test_as_guest_and_redirect_when_disabled_for_guest" file="/app/tests/Feature/Http/Controllers/Laravel/UserDashboardRouteTest.php" line="43" class="Tests\Feature\Playground\Site\Blade\Http\Controllers\Laravel\UserDashboardRouteTest" classname="Tests.Feature.Playground.Site.Blade.Http.Controllers.Laravel.UserDashboardRouteTest" assertions="3" time="0.094496"/>
        <testcase name="test_as_guest_and_fail" file="/app/tests/Feature/Http/Controllers/Laravel/UserDashboardRouteTest.php" line="55" class="Tests\Feature\Playground\Site\Blade\Http\Controllers\Laravel\UserDashboardRouteTest" classname="Tests.Feature.Playground.Site.Blade.Http.Controllers.Laravel.UserDashboardRouteTest" assertions="2" time="0.094260"/>
        <testcase name="test_as_user_and_succeed" file="/app/tests/Feature/Http/Controllers/Laravel/UserDashboardRouteTest.php" line="68" class="Tests\Feature\Playground\Site\Blade\Http\Controllers\Laravel\UserDashboardRouteTest" classname="Tests.Feature.Playground.Site.Blade.Http.Controllers.Laravel.UserDashboardRouteTest" assertions="1" time="0.104799"/>
        <testcase name="test_as_user_and_fail_when_disabled_for_all" file="/app/tests/Feature/Http/Controllers/Laravel/UserDashboardRouteTest.php" line="82" class="Tests\Feature\Playground\Site\Blade\Http\Controllers\Laravel\UserDashboardRouteTest" classname="Tests.Feature.Playground.Site.Blade.Http.Controllers.Laravel.UserDashboardRouteTest" assertions="2" time="0.099174"/>
        <testcase name="test_as_user_and_fail_when_disabled_for_all_and_no_redirect" file="/app/tests/Feature/Http/Controllers/Laravel/UserDashboardRouteTest.php" line="95" class="Tests\Feature\Playground\Site\Blade\Http\Controllers\Laravel\UserDashboardRouteTest" classname="Tests.Feature.Playground.Site.Blade.Http.Controllers.Laravel.UserDashboardRouteTest" assertions="1" time="0.100682"/>
        <testcase name="test_json_as_admin_and_succeed" file="/app/tests/Feature/Http/Controllers/Laravel/UserDashboardRouteTest.php" line="108" class="Tests\Feature\Playground\Site\Blade\Http\Controllers\Laravel\UserDashboardRouteTest" classname="Tests.Feature.Playground.Site.Blade.Http.Controllers.Laravel.UserDashboardRouteTest" assertions="1" time="0.100078"/>
      </testsuite>
      <testsuite name="Tests\Feature\Playground\Site\Blade\Http\Controllers\Laravel\UserHomeRouteTest" file="/app/tests/Feature/Http/Controllers/Laravel/UserHomeRouteTest.php" tests="4" assertions="7" errors="0" failures="0" skipped="0" time="0.397518">
        <testcase name="test_route_home_as_guest_and_fail" file="/app/tests/Feature/Http/Controllers/Laravel/UserHomeRouteTest.php" line="22" class="Tests\Feature\Playground\Site\Blade\Http\Controllers\Laravel\UserHomeRouteTest" classname="Tests.Feature.Playground.Site.Blade.Http.Controllers.Laravel.UserHomeRouteTest" assertions="3" time="0.095322"/>
        <testcase name="test_route_json_home_as_guest_and_fail" file="/app/tests/Feature/Http/Controllers/Laravel/UserHomeRouteTest.php" line="30" class="Tests\Feature\Playground\Site\Blade\Http\Controllers\Laravel\UserHomeRouteTest" classname="Tests.Feature.Playground.Site.Blade.Http.Controllers.Laravel.UserHomeRouteTest" assertions="2" time="0.095820"/>
        <testcase name="test_route_home_as_user_admin_and_succeed" file="/app/tests/Feature/Http/Controllers/Laravel/UserHomeRouteTest.php" line="40" class="Tests\Feature\Playground\Site\Blade\Http\Controllers\Laravel\UserHomeRouteTest" classname="Tests.Feature.Playground.Site.Blade.Http.Controllers.Laravel.UserHomeRouteTest" assertions="1" time="0.105991"/>
        <testcase name="test_route_json_home_as_admin_and_succeed" file="/app/tests/Feature/Http/Controllers/Laravel/UserHomeRouteTest.php" line="50" class="Tests\Feature\Playground\Site\Blade\Http\Controllers\Laravel\UserHomeRouteTest" classname="Tests.Feature.Playground.Site.Blade.Http.Controllers.Laravel.UserHomeRouteTest" assertions="1" time="0.100385"/>
      </testsuite>
      <testsuite name="Tests\Feature\Playground\Site\Blade\Http\Controllers\Laravel\UserSitemapRouteTest" file="/app/tests/Feature/Http/Controllers/Laravel/UserSitemapRouteTest.php" tests="9" assertions="12" errors="0" failures="0" skipped="0" time="0.903986">
        <testcase name="test_route_sitemap_as_guest_and_fail_when_disabled_for_guest_and_no_redirect" file="/app/tests/Feature/Http/Controllers/Laravel/UserSitemapRouteTest.php" line="34" class="Tests\Feature\Playground\Site\Blade\Http\Controllers\Laravel\UserSitemapRouteTest" classname="Tests.Feature.Playground.Site.Blade.Http.Controllers.Laravel.UserSitemapRouteTest" assertions="1" time="0.097981"/>
        <testcase name="test_route_sitemap_as_guest_and_redirect_when_disabled_for_all" file="/app/tests/Feature/Http/Controllers/Laravel/UserSitemapRouteTest.php" line="44" class="Tests\Feature\Playground\Site\Blade\Http\Controllers\Laravel\UserSitemapRouteTest" classname="Tests.Feature.Playground.Site.Blade.Http.Controllers.Laravel.UserSitemapRouteTest" assertions="2" time="0.093040"/>
        <testcase name="test_route_sitemap_as_guest_and_redirect_when_disabled_for_guest" file="/app/tests/Feature/Http/Controllers/Laravel/UserSitemapRouteTest.php" line="53" class="Tests\Feature\Playground\Site\Blade\Http\Controllers\Laravel\UserSitemapRouteTest" classname="Tests.Feature.Playground.Site.Blade.Http.Controllers.Laravel.UserSitemapRouteTest" assertions="2" time="0.095040"/>
        <testcase name="test_route_json_sitemap_as_guest_and_fail" file="/app/tests/Feature/Http/Controllers/Laravel/UserSitemapRouteTest.php" line="63" class="Tests\Feature\Playground\Site\Blade\Http\Controllers\Laravel\UserSitemapRouteTest" classname="Tests.Feature.Playground.Site.Blade.Http.Controllers.Laravel.UserSitemapRouteTest" assertions="1" time="0.101791"/>
        <testcase name="test_route_sitemap_as_user_and_succeed" file="/app/tests/Feature/Http/Controllers/Laravel/UserSitemapRouteTest.php" line="73" class="Tests\Feature\Playground\Site\Blade\Http\Controllers\Laravel\UserSitemapRouteTest" classname="Tests.Feature.Playground.Site.Blade.Http.Controllers.Laravel.UserSitemapRouteTest" assertions="1" time="0.105362"/>
        <testcase name="test_route_sitemap_as_support_and_fail_when_disabled_for_all" file="/app/tests/Feature/Http/Controllers/Laravel/UserSitemapRouteTest.php" line="87" class="Tests\Feature\Playground\Site\Blade\Http\Controllers\Laravel\UserSitemapRouteTest" classname="Tests.Feature.Playground.Site.Blade.Http.Controllers.Laravel.UserSitemapRouteTest" assertions="2" time="0.098020"/>
        <testcase name="test_route_sitemap_as_user_and_fail_when_disabled_for_all_and_no_redirect" file="/app/tests/Feature/Http/Controllers/Laravel/UserSitemapRouteTest.php" line="100" class="Tests\Feature\Playground\Site\Blade\Http\Controllers\Laravel\UserSitemapRouteTest" classname="Tests.Feature.Playground.Site.Blade.Http.Controllers.Laravel.UserSitemapRouteTest" assertions="1" time="0.100724"/>
        <testcase name="test_route_json_sitemap_as_admin_and_succeed" file="/app/tests/Feature/Http/Controllers/Laravel/UserSitemapRouteTest.php" line="113" class="Tests\Feature\Playground\Site\Blade\Http\Controllers\Laravel\UserSitemapRouteTest" classname="Tests.Feature.Playground.Site.Blade.Http.Controllers.Laravel.UserSitemapRouteTest" assertions="1" time="0.106057"/>
        <testcase name="test_route_sitemap_as_user_and_succeed_with_package_sitemaps" file="/app/tests/Feature/Http/Controllers/Laravel/UserSitemapRouteTest.php" line="128" class="Tests\Feature\Playground\Site\Blade\Http\Controllers\Laravel\UserSitemapRouteTest" classname="Tests.Feature.Playground.Site.Blade.Http.Controllers.Laravel.UserSitemapRouteTest" assertions="1" time="0.105971"/>
      </testsuite>
      <testsuite name="Tests\Feature\Playground\Site\Blade\Http\Controllers\Laravel\WelcomeRouteTest" file="/app/tests/Feature/Http/Controllers/Laravel/WelcomeRouteTest.php" tests="4" assertions="4" errors="0" failures="0" skipped="0" time="0.399904">
        <testcase name="test_as_guest_and_succeed" file="/app/tests/Feature/Http/Controllers/Laravel/WelcomeRouteTest.php" line="22" class="Tests\Feature\Playground\Site\Blade\Http\Controllers\Laravel\WelcomeRouteTest" classname="Tests.Feature.Playground.Site.Blade.Http.Controllers.Laravel.WelcomeRouteTest" assertions="1" time="0.109248"/>
        <testcase name="test_json_as_guest_and_succeed" file="/app/tests/Feature/Http/Controllers/Laravel/WelcomeRouteTest.php" line="28" class="Tests\Feature\Playground\Site\Blade\Http\Controllers\Laravel\WelcomeRouteTest" classname="Tests.Feature.Playground.Site.Blade.Http.Controllers.Laravel.WelcomeRouteTest" assertions="1" time="0.094289"/>
        <testcase name="test_as_user_and_succeed" file="/app/tests/Feature/Http/Controllers/Laravel/WelcomeRouteTest.php" line="34" class="Tests\Feature\Playground\Site\Blade\Http\Controllers\Laravel\WelcomeRouteTest" classname="Tests.Feature.Playground.Site.Blade.Http.Controllers.Laravel.WelcomeRouteTest" assertions="1" time="0.098166"/>
        <testcase name="test_json_as_manager_admin_and_succeed" file="/app/tests/Feature/Http/Controllers/Laravel/WelcomeRouteTest.php" line="44" class="Tests\Feature\Playground\Site\Blade\Http\Controllers\Laravel\WelcomeRouteTest" classname="Tests.Feature.Playground.Site.Blade.Http.Controllers.Laravel.WelcomeRouteTest" assertions="1" time="0.098200"/>
      </testsuite>
      <testsuite name="Tests\Feature\Playground\Site\Blade\Http\Controllers\Playground\AboutRouteTest" file="/app/tests/Feature/Http/Controllers/Playground/AboutRouteTest.php" tests="10" assertions="16" errors="0" failures="0" skipped="0" time="1.140695">
        <testcase name="test_as_guest_and_succeed" file="/app/tests/Feature/Http/Controllers/Playground/AboutRouteTest.php" line="23" class="Tests\Feature\Playground\Site\Blade\Http\Controllers\Playground\AboutRouteTest" classname="Tests.Feature.Playground.Site.Blade.Http.Controllers.Playground.AboutRouteTest" assertions="1" time="0.108953"/>
        <testcase name="test_json_as_guest_and_succeed" file="/app/tests/Feature/Http/Controllers/Playground/AboutRouteTest.php" line="29" class="Tests\Feature\Playground\Site\Blade\Http\Controllers\Playground\AboutRouteTest" classname="Tests.Feature.Playground.Site.Blade.Http.Controllers.Playground.AboutRouteTest" assertions="1" time="0.101465"/>
        <testcase name="test_as_user_and_succeed" file="/app/tests/Feature/Http/Controllers/Playground/AboutRouteTest.php" line="35" class="Tests\Feature\Playground\Site\Blade\Http\Controllers\Playground\AboutRouteTest" classname="Tests.Feature.Playground.Site.Blade.Http.Controllers.Playground.AboutRouteTest" assertions="1" time="0.126797"/>
        <testcase name="test_json_as_user_and_succeed" file="/app/tests/Feature/Http/Controllers/Playground/AboutRouteTest.php" line="45" class="Tests\Feature\Playground\Site\Blade\Http\Controllers\Playground\AboutRouteTest" classname="Tests.Feature.Playground.Site.Blade.Http.Controllers.Playground.AboutRouteTest" assertions="1" time="0.110427"/>
        <testcase name="test_as_client_and_succeed" file="/app/tests/Feature/Http/Controllers/Playground/AboutRouteTest.php" line="55" class="Tests\Feature\Playground\Site\Blade\Http\Controllers\Playground\AboutRouteTest" classname="Tests.Feature.Playground.Site.Blade.Http.Controllers.Playground.AboutRouteTest" assertions="2" time="0.116337"/>
        <testcase name="test_json_as_client_and_succeed" file="/app/tests/Feature/Http/Controllers/Playground/AboutRouteTest.php" line="66" class="Tests\Feature\Playground\Site\Blade\Http\Controllers\Playground\AboutRouteTest" classname="Tests.Feature.Playground.Site.Blade.Http.Controllers.Playground.AboutRouteTest" assertions="2" time="0.112355"/>
        <testcase name="test_as_manager_and_succeed" file="/app/tests/Feature/Http/Controllers/Playground/AboutRouteTest.php" line="77" class="Tests\Feature\Playground\Site\Blade\Http\Controllers\Playground\AboutRouteTest" classname="Tests.Feature.Playground.Site.Blade.Http.Controllers.Playground.AboutRouteTest" assertions="2" time="0.122122"/>
        <testcase name="test_json_as_manager_and_succeed" file="/app/tests/Feature/Http/Controllers/Playground/AboutRouteTest.php" line="88" class="Tests\Feature\Playground\Site\Blade\Http\Controllers\Playground\AboutRouteTest" classname="Tests.Feature.Playground.Site.Blade.Http.Controllers.Playground.AboutRouteTest" assertions="2" time="0.111050"/>
        <testcase name="test_as_admin_and_succeed" file="/app/tests/Feature/Http/Controllers/Playground/AboutRouteTest.php" line="99" class="Tests\Feature\Playground\Site\Blade\Http\Controllers\Playground\AboutRouteTest" classname="Tests.Feature.Playground.Site.Blade.Http.Controllers.Playground.AboutRouteTest" assertions="2" time="0.117606"/>
        <testcase name="test_json_as_admin_and_succeed" file="/app/tests/Feature/Http/Controllers/Playground/AboutRouteTest.php" line="110" class="Tests\Feature\Playground\Site\Blade\Http\Controllers\Playground\AboutRouteTest" classname="Tests.Feature.Playground.Site.Blade.Http.Controllers.Playground.AboutRouteTest" assertions="2" time="0.113583"/>
      </testsuite>
      <testsuite name="Tests\Feature\Playground\Site\Blade\Http\Controllers\Playground\BootstrapRouteTest" file="/app/tests/Feature/Http/Controllers/Playground/BootstrapRouteTest.php" tests="4" assertions="4" errors="0" failures="0" skipped="0" time="0.458449">
        <testcase name="test_as_guest_and_succeed" file="/app/tests/Feature/Http/Controllers/Playground/BootstrapRouteTest.php" line="23" class="Tests\Feature\Playground\Site\Blade\Http\Controllers\Playground\BootstrapRouteTest" classname="Tests.Feature.Playground.Site.Blade.Http.Controllers.Playground.BootstrapRouteTest" assertions="1" time="0.109070"/>
        <testcase name="test_json_as_guest_and_succeed" file="/app/tests/Feature/Http/Controllers/Playground/BootstrapRouteTest.php" line="29" class="Tests\Feature\Playground\Site\Blade\Http\Controllers\Playground\BootstrapRouteTest" classname="Tests.Feature.Playground.Site.Blade.Http.Controllers.Playground.BootstrapRouteTest" assertions="1" time="0.109309"/>
        <testcase name="test_as_wheel_and_succeed" file="/app/tests/Feature/Http/Controllers/Playground/BootstrapRouteTest.php" line="35" class="Tests\Feature\Playground\Site\Blade\Http\Controllers\Playground\BootstrapRouteTest" classname="Tests.Feature.Playground.Site.Blade.Http.Controllers.Playground.BootstrapRouteTest" assertions="1" time="0.121313"/>
        <testcase name="test_json_as_wheel_and_succeed" file="/app/tests/Feature/Http/Controllers/Playground/BootstrapRouteTest.php" line="45" class="Tests\Feature\Playground\Site\Blade\Http\Controllers\Playground\BootstrapRouteTest" classname="Tests.Feature.Playground.Site.Blade.Http.Controllers.Playground.BootstrapRouteTest" assertions="1" time="0.118755"/>
      </testsuite>
      <testsuite name="Tests\Feature\Playground\Site\Blade\Http\Controllers\Playground\PublicDashboardRouteTest" file="/app/tests/Feature/Http/Controllers/Playground/PublicDashboardRouteTest.php" tests="4" assertions="6" errors="0" failures="0" skipped="0" time="0.419901">
        <testcase name="test_as_guest_and_fail_when_disabled_for_guest_and_no_redirect" file="/app/tests/Feature/Http/Controllers/Playground/PublicDashboardRouteTest.php" line="34" class="Tests\Feature\Playground\Site\Blade\Http\Controllers\Playground\PublicDashboardRouteTest" classname="Tests.Feature.Playground.Site.Blade.Http.Controllers.Playground.PublicDashboardRouteTest" assertions="1" time="0.108382"/>
        <testcase name="test_as_guest_and_redirect_when_disabled_for_all" file="/app/tests/Feature/Http/Controllers/Playground/PublicDashboardRouteTest.php" line="47" class="Tests\Feature\Playground\Site\Blade\Http\Controllers\Playground\PublicDashboardRouteTest" classname="Tests.Feature.Playground.Site.Blade.Http.Controllers.Playground.PublicDashboardRouteTest" assertions="2" time="0.103895"/>
        <testcase name="test_as_guest_and_redirect_when_disabled_for_guest" file="/app/tests/Feature/Http/Controllers/Playground/PublicDashboardRouteTest.php" line="56" class="Tests\Feature\Playground\Site\Blade\Http\Controllers\Playground\PublicDashboardRouteTest" classname="Tests.Feature.Playground.Site.Blade.Http.Controllers.Playground.PublicDashboardRouteTest" assertions="2" time="0.105646"/>
        <testcase name="test_as_guest_and_succeed" file="/app/tests/Feature/Http/Controllers/Playground/PublicDashboardRouteTest.php" line="66" class="Tests\Feature\Playground\Site\Blade\Http\Controllers\Playground\PublicDashboardRouteTest" classname="Tests.Feature.Playground.Site.Blade.Http.Controllers.Playground.PublicDashboardRouteTest" assertions="1" time="0.101978"/>
      </testsuite>
      <testsuite name="Tests\Feature\Playground\Site\Blade\Http\Controllers\Playground\PublicHomeRouteTest" file="/app/tests/Feature/Http/Controllers/Playground/PublicHomeRouteTest.php" tests="4" assertions="4" errors="0" failures="0" skipped="0" time="0.446572">
        <testcase name="test_as_guest_and_succeed" file="/app/tests/Feature/Http/Controllers/Playground/PublicHomeRouteTest.php" line="34" class="Tests\Feature\Playground\Site\Blade\Http\Controllers\Playground\PublicHomeRouteTest" classname="Tests.Feature.Playground.Site.Blade.Http.Controllers.Playground.PublicHomeRouteTest" assertions="1" time="0.106707"/>
        <testcase name="test_json_as_guest_and_succeed" file="/app/tests/Feature/Http/Controllers/Playground/PublicHomeRouteTest.php" line="40" class="Tests\Feature\Playground\Site\Blade\Http\Controllers\Playground\PublicHomeRouteTest" classname="Tests.Feature.Playground.Site.Blade.Http.Controllers.Playground.PublicHomeRouteTest" assertions="1" time="0.101010"/>
        <testcase name="test_as_admin_and_succeed" file="/app/tests/Feature/Http/Controllers/Playground/PublicHomeRouteTest.php" line="46" class="Tests\Feature\Playground\Site\Blade\Http\Controllers\Playground\PublicHomeRouteTest" classname="Tests.Feature.Playground.Site.Blade.Http.Controllers.Playground.PublicHomeRouteTest" assertions="1" time="0.121888"/>
        <testcase name="test_json_as_admin_and_succeed" file="/app/tests/Feature/Http/Controllers/Playground/PublicHomeRouteTest.php" line="56" class="Tests\Feature\Playground\Site\Blade\Http\Controllers\Playground\PublicHomeRouteTest" classname="Tests.Feature.Playground.Site.Blade.Http.Controllers.Playground.PublicHomeRouteTest" assertions="1" time="0.116967"/>
      </testsuite>
      <testsuite name="Tests\Feature\Playground\Site\Blade\Http\Controllers\Playground\PublicSitemapRouteTest" file="/app/tests/Feature/Http/Controllers/Playground/PublicSitemapRouteTest.php" tests="9" assertions="12" errors="0" failures="0" skipped="0" time="1.032752">
        <testcase name="test_as_guest_and_fail_when_disabled_for_guest_and_no_redirect" file="/app/tests/Feature/Http/Controllers/Playground/PublicSitemapRouteTest.php" line="23" class="Tests\Feature\Playground\Site\Blade\Http\Controllers\Playground\PublicSitemapRouteTest" classname="Tests.Feature.Playground.Site.Blade.Http.Controllers.Playground.PublicSitemapRouteTest" assertions="1" time="0.107395"/>
        <testcase name="test_as_guest_and_redirect_when_disabled_for_all" file="/app/tests/Feature/Http/Controllers/Playground/PublicSitemapRouteTest.php" line="33" class="Tests\Feature\Playground\Site\Blade\Http\Controllers\Playground\PublicSitemapRouteTest" classname="Tests.Feature.Playground.Site.Blade.Http.Controllers.Playground.PublicSitemapRouteTest" assertions="2" time="0.106116"/>
        <testcase name="test_as_guest_and_redirect_when_disabled_for_guest" file="/app/tests/Feature/Http/Controllers/Playground/PublicSitemapRouteTest.php" line="42" class="Tests\Feature\Playground\Site\Blade\Http\Controllers\Playground\PublicSitemapRouteTest" classname="Tests.Feature.Playground.Site.Blade.Http.Controllers.Playground.PublicSitemapRouteTest" assertions="2" time="0.103368"/>
        <testcase name="test_as_guest_and_succeed" file="/app/tests/Feature/Http/Controllers/Playground/PublicSitemapRouteTest.php" line="52" class="Tests\Feature\Playground\Site\Blade\Http\Controllers\Playground\PublicSitemapRouteTest" classname="Tests.Feature.Playground.Site.Blade.Http.Controllers.Playground.PublicSitemapRouteTest" assertions="1" time="0.110768"/>
        <testcase name="test_as_user_and_succeed" file="/app/tests/Feature/Http/Controllers/Playground/PublicSitemapRouteTest.php" line="62" class="Tests\Feature\Playground\Site\Blade\Http\Controllers\Playground\PublicSitemapRouteTest" classname="Tests.Feature.Playground.Site.Blade.Http.Controllers.Playground.PublicSitemapRouteTest" assertions="1" time="0.126389"/>
        <testcase name="test_as_support_and_fail_when_disabled_for_all" file="/app/tests/Feature/Http/Controllers/Playground/PublicSitemapRouteTest.php" line="76" class="Tests\Feature\Playground\Site\Blade\Http\Controllers\Playground\PublicSitemapRouteTest" classname="Tests.Feature.Playground.Site.Blade.Http.Controllers.Playground.PublicSitemapRouteTest" assertions="2" time="0.117587"/>
        <testcase name="test_as_user_and_fail_when_disabled_for_all_and_no_redirect" file="/app/tests/Feature/Http/Controllers/Playground/PublicSitemapRouteTest.php" line="89" class="Tests\Feature\Playground\Site\Blade\Http\Controllers\Playground\PublicSitemapRouteTest" classname="Tests.Feature.Playground.Site.Blade.Http.Controllers.Playground.PublicSitemapRouteTest" assertions="1" time="0.118579"/>
        <testcase name="test_as_admin_and_succeed" file="/app/tests/Feature/Http/Controllers/Playground/PublicSitemapRouteTest.php" line="102" class="Tests\Feature\Playground\Site\Blade\Http\Controllers\Playground\PublicSitemapRouteTest" classname="Tests.Feature.Playground.Site.Blade.Http.Controllers.Playground.PublicSitemapRouteTest" assertions="1" time="0.121038"/>
        <testcase name="test_as_user_and_succeed_with_package_sitemaps" file="/app/tests/Feature/Http/Controllers/Playground/PublicSitemapRouteTest.php" line="115" class="Tests\Feature\Playground\Site\Blade\Http\Controllers\Playground\PublicSitemapRouteTest" classname="Tests.Feature.Playground.Site.Blade.Http.Controllers.Playground.PublicSitemapRouteTest" assertions="1" time="0.121511"/>
      </testsuite>
      <testsuite name="Tests\Feature\Playground\Site\Blade\Http\Controllers\Playground\ThemeRouteTest" file="/app/tests/Feature/Http/Controllers/Playground/ThemeRouteTest.php" tests="4" assertions="7" errors="0" failures="0" skipped="0" time="0.432071">
        <testcase name="test_as_guest_and_succeed" file="/app/tests/Feature/Http/Controllers/Playground/ThemeRouteTest.php" line="23" class="Tests\Feature\Playground\Site\Blade\Http\Controllers\Playground\ThemeRouteTest" classname="Tests.Feature.Playground.Site.Blade.Http.Controllers.Playground.ThemeRouteTest" assertions="2" time="0.101978"/>
        <testcase name="test_as_guest_with_preview_and_succeed" file="/app/tests/Feature/Http/Controllers/Playground/ThemeRouteTest.php" line="29" class="Tests\Feature\Playground\Site\Blade\Http\Controllers\Playground\ThemeRouteTest" classname="Tests.Feature.Playground.Site.Blade.Http.Controllers.Playground.ThemeRouteTest" assertions="1" time="0.108152"/>
        <testcase name="test_as_user_and_succeed" file="/app/tests/Feature/Http/Controllers/Playground/ThemeRouteTest.php" line="35" class="Tests\Feature\Playground\Site\Blade\Http\Controllers\Playground\ThemeRouteTest" classname="Tests.Feature.Playground.Site.Blade.Http.Controllers.Playground.ThemeRouteTest" assertions="2" time="0.110382"/>
        <testcase name="test_as_admin_and_succeed_with_theme_and_redirect" file="/app/tests/Feature/Http/Controllers/Playground/ThemeRouteTest.php" line="47" class="Tests\Feature\Playground\Site\Blade\Http\Controllers\Playground\ThemeRouteTest" classname="Tests.Feature.Playground.Site.Blade.Http.Controllers.Playground.ThemeRouteTest" assertions="2" time="0.111558"/>
      </testsuite>
      <testsuite name="Tests\Feature\Playground\Site\Blade\Http\Controllers\Playground\UserDashboardRouteTest" file="/app/tests/Feature/Http/Controllers/Playground/UserDashboardRouteTest.php" tests="8" assertions="16" errors="0" failures="0" skipped="0" time="0.870430">
        <testcase name="test_as_guest_and_fail_when_disabled_for_guest_and_no_redirect_with_auth_middleware" file="/app/tests/Feature/Http/Controllers/Playground/UserDashboardRouteTest.php" line="22" class="Tests\Feature\Playground\Site\Blade\Http\Controllers\Playground\UserDashboardRouteTest" classname="Tests.Feature.Playground.Site.Blade.Http.Controllers.Playground.UserDashboardRouteTest" assertions="3" time="0.106700"/>
        <testcase name="test_as_guest_and_redirect" file="/app/tests/Feature/Http/Controllers/Playground/UserDashboardRouteTest.php" line="35" class="Tests\Feature\Playground\Site\Blade\Http\Controllers\Playground\UserDashboardRouteTest" classname="Tests.Feature.Playground.Site.Blade.Http.Controllers.Playground.UserDashboardRouteTest" assertions="3" time="0.102446"/>
        <testcase name="test_as_guest_and_redirect_when_disabled_for_guest" file="/app/tests/Feature/Http/Controllers/Playground/UserDashboardRouteTest.php" line="43" class="Tests\Feature\Playground\Site\Blade\Http\Controllers\Playground\UserDashboardRouteTest" classname="Tests.Feature.Playground.Site.Blade.Http.Controllers.Playground.UserDashboardRouteTest" assertions="3" time="0.102444"/>
        <testcase name="test_as_guest_and_fail" file="/app/tests/Feature/Http/Controllers/Playground/UserDashboardRouteTest.php" line="55" class="Tests\Feature\Playground\Site\Blade\Http\Controllers\Playground\UserDashboardRouteTest" classname="Tests.Feature.Playground.Site.Blade.Http.Controllers.Playground.UserDashboardRouteTest" assertions="2" time="0.102852"/>
        <testcase name="test_as_user_and_succeed" file="/app/tests/Feature/Http/Controllers/Playground/UserDashboardRouteTest.php" line="68" class="Tests\Feature\Playground\Site\Blade\Http\Controllers\Playground\UserDashboardRouteTest" classname="Tests.Feature.Playground.Site.Blade.Http.Controllers.Playground.UserDashboardRouteTest" assertions="1" time="0.117189"/>
        <testcase name="test_as_user_and_fail_when_disabled_for_all" file="/app/tests/Feature/Http/Controllers/Playground/UserDashboardRouteTest.php" line="82" class="Tests\Feature\Playground\Site\Blade\Http\Controllers\Playground\UserDashboardRouteTest" classname="Tests.Feature.Playground.Site.Blade.Http.Controllers.Playground.UserDashboardRouteTest" assertions="2" time="0.111408"/>
        <testcase name="test_as_user_and_fail_when_disabled_for_all_and_no_redirect" file="/app/tests/Feature/Http/Controllers/Playground/UserDashboardRouteTest.php" line="95" class="Tests\Feature\Playground\Site\Blade\Http\Controllers\Playground\UserDashboardRouteTest" classname="Tests.Feature.Playground.Site.Blade.Http.Controllers.Playground.UserDashboardRouteTest" assertions="1" time="0.114600"/>
        <testcase name="test_json_as_admin_and_succeed" file="/app/tests/Feature/Http/Controllers/Playground/UserDashboardRouteTest.php" line="108" class="Tests\Feature\Playground\Site\Blade\Http\Controllers\Playground\UserDashboardRouteTest" classname="Tests.Feature.Playground.Site.Blade.Http.Controllers.Playground.UserDashboardRouteTest" assertions="1" time="0.112792"/>
      </testsuite>
      <testsuite name="Tests\Feature\Playground\Site\Blade\Http\Controllers\Playground\UserHomeRouteTest" file="/app/tests/Feature/Http/Controllers/Playground/UserHomeRouteTest.php" tests="4" assertions="7" errors="0" failures="0" skipped="0" time="0.438184">
        <testcase name="test_route_home_as_guest_and_fail" file="/app/tests/Feature/Http/Controllers/Playground/UserHomeRouteTest.php" line="22" class="Tests\Feature\Playground\Site\Blade\Http\Controllers\Playground\UserHomeRouteTest" classname="Tests.Feature.Playground.Site.Blade.Http.Controllers.Playground.UserHomeRouteTest" assertions="3" time="0.102800"/>
        <testcase name="test_route_json_home_as_guest_and_fail" file="/app/tests/Feature/Http/Controllers/Playground/UserHomeRouteTest.php" line="30" class="Tests\Feature\Playground\Site\Blade\Http\Controllers\Playground\UserHomeRouteTest" classname="Tests.Feature.Playground.Site.Blade.Http.Controllers.Playground.UserHomeRouteTest" assertions="2" time="0.102781"/>
        <testcase name="test_route_home_as_user_admin_and_succeed" file="/app/tests/Feature/Http/Controllers/Playground/UserHomeRouteTest.php" line="40" class="Tests\Feature\Playground\Site\Blade\Http\Controllers\Playground\UserHomeRouteTest" classname="Tests.Feature.Playground.Site.Blade.Http.Controllers.Playground.UserHomeRouteTest" assertions="1" time="0.116955"/>
        <testcase name="test_route_json_home_as_admin_and_succeed" file="/app/tests/Feature/Http/Controllers/Playground/UserHomeRouteTest.php" line="50" class="Tests\Feature\Playground\Site\Blade\Http\Controllers\Playground\UserHomeRouteTest" classname="Tests.Feature.Playground.Site.Blade.Http.Controllers.Playground.UserHomeRouteTest" assertions="1" time="0.115648"/>
      </testsuite>
      <testsuite name="Tests\Feature\Playground\Site\Blade\Http\Controllers\Playground\UserSitemapRouteTest" file="/app/tests/Feature/Http/Controllers/Playground/UserSitemapRouteTest.php" tests="9" assertions="12" errors="0" failures="0" skipped="0" time="0.992069">
        <testcase name="test_route_sitemap_as_guest_and_fail_when_disabled_for_guest_and_no_redirect" file="/app/tests/Feature/Http/Controllers/Playground/UserSitemapRouteTest.php" line="34" class="Tests\Feature\Playground\Site\Blade\Http\Controllers\Playground\UserSitemapRouteTest" classname="Tests.Feature.Playground.Site.Blade.Http.Controllers.Playground.UserSitemapRouteTest" assertions="1" time="0.102361"/>
        <testcase name="test_route_sitemap_as_guest_and_redirect_when_disabled_for_all" file="/app/tests/Feature/Http/Controllers/Playground/UserSitemapRouteTest.php" line="44" class="Tests\Feature\Playground\Site\Blade\Http\Controllers\Playground\UserSitemapRouteTest" classname="Tests.Feature.Playground.Site.Blade.Http.Controllers.Playground.UserSitemapRouteTest" assertions="2" time="0.102191"/>
        <testcase name="test_route_sitemap_as_guest_and_redirect_when_disabled_for_guest" file="/app/tests/Feature/Http/Controllers/Playground/UserSitemapRouteTest.php" line="53" class="Tests\Feature\Playground\Site\Blade\Http\Controllers\Playground\UserSitemapRouteTest" classname="Tests.Feature.Playground.Site.Blade.Http.Controllers.Playground.UserSitemapRouteTest" assertions="2" time="0.102682"/>
        <testcase name="test_route_json_sitemap_as_guest_and_fail" file="/app/tests/Feature/Http/Controllers/Playground/UserSitemapRouteTest.php" line="63" class="Tests\Feature\Playground\Site\Blade\Http\Controllers\Playground\UserSitemapRouteTest" classname="Tests.Feature.Playground.Site.Blade.Http.Controllers.Playground.UserSitemapRouteTest" assertions="1" time="0.109893"/>
        <testcase name="test_route_sitemap_as_user_and_succeed" file="/app/tests/Feature/Http/Controllers/Playground/UserSitemapRouteTest.php" line="73" class="Tests\Feature\Playground\Site\Blade\Http\Controllers\Playground\UserSitemapRouteTest" classname="Tests.Feature.Playground.Site.Blade.Http.Controllers.Playground.UserSitemapRouteTest" assertions="1" time="0.116675"/>
        <testcase name="test_route_sitemap_as_support_and_fail_when_disabled_for_all" file="/app/tests/Feature/Http/Controllers/Playground/UserSitemapRouteTest.php" line="87" class="Tests\Feature\Playground\Site\Blade\Http\Controllers\Playground\UserSitemapRouteTest" classname="Tests.Feature.Playground.Site.Blade.Http.Controllers.Playground.UserSitemapRouteTest" assertions="2" time="0.110781"/>
        <testcase name="test_route_sitemap_as_user_and_fail_when_disabled_for_all_and_no_redirect" file="/app/tests/Feature/Http/Controllers/Playground/UserSitemapRouteTest.php" line="100" class="Tests\Feature\Playground\Site\Blade\Http\Controllers\Playground\UserSitemapRouteTest" classname="Tests.Feature.Playground.Site.Blade.Http.Controllers.Playground.UserSitemapRouteTest" assertions="1" time="0.111653"/>
        <testcase name="test_route_json_sitemap_as_admin_and_succeed" file="/app/tests/Feature/Http/Controllers/Playground/UserSitemapRouteTest.php" line="113" class="Tests\Feature\Playground\Site\Blade\Http\Controllers\Playground\UserSitemapRouteTest" classname="Tests.Feature.Playground.Site.Blade.Http.Controllers.Playground.UserSitemapRouteTest" assertions="1" time="0.117534"/>
        <testcase name="test_route_sitemap_as_user_and_succeed_with_package_sitemaps" file="/app/tests/Feature/Http/Controllers/Playground/UserSitemapRouteTest.php" line="128" class="Tests\Feature\Playground\Site\Blade\Http\Controllers\Playground\UserSitemapRouteTest" classname="Tests.Feature.Playground.Site.Blade.Http.Controllers.Playground.UserSitemapRouteTest" assertions="1" time="0.118299"/>
      </testsuite>
      <testsuite name="Tests\Feature\Playground\Site\Blade\Http\Controllers\Playground\WelcomeRouteTest" file="/app/tests/Feature/Http/Controllers/Playground/WelcomeRouteTest.php" tests="4" assertions="4" errors="0" failures="0" skipped="0" time="0.434502">
        <testcase name="test_as_guest_and_succeed" file="/app/tests/Feature/Http/Controllers/Playground/WelcomeRouteTest.php" line="22" class="Tests\Feature\Playground\Site\Blade\Http\Controllers\Playground\WelcomeRouteTest" classname="Tests.Feature.Playground.Site.Blade.Http.Controllers.Playground.WelcomeRouteTest" assertions="1" time="0.111180"/>
        <testcase name="test_json_as_guest_and_succeed" file="/app/tests/Feature/Http/Controllers/Playground/WelcomeRouteTest.php" line="28" class="Tests\Feature\Playground\Site\Blade\Http\Controllers\Playground\WelcomeRouteTest" classname="Tests.Feature.Playground.Site.Blade.Http.Controllers.Playground.WelcomeRouteTest" assertions="1" time="0.102523"/>
        <testcase name="test_as_user_and_succeed" file="/app/tests/Feature/Http/Controllers/Playground/WelcomeRouteTest.php" line="34" class="Tests\Feature\Playground\Site\Blade\Http\Controllers\Playground\WelcomeRouteTest" classname="Tests.Feature.Playground.Site.Blade.Http.Controllers.Playground.WelcomeRouteTest" assertions="1" time="0.110342"/>
        <testcase name="test_json_as_manager_admin_and_succeed" file="/app/tests/Feature/Http/Controllers/Playground/WelcomeRouteTest.php" line="44" class="Tests\Feature\Playground\Site\Blade\Http\Controllers\Playground\WelcomeRouteTest" classname="Tests.Feature.Playground.Site.Blade.Http.Controllers.Playground.WelcomeRouteTest" assertions="1" time="0.110457"/>
      </testsuite>
    </testsuite>
  </testsuite>
</testsuites>
